Reporters launch only on failure, by default they are the DiffReporter
