Approval Tests can verify text via the golder master method 
