// Jest Snapshot v1, https://goo.gl/fbAQLP

exports[`Sample should do something 1`] = `"Change Me"`;
